// Vitest Snapshot v1, https://vitest.dev/guide/snapshot.html

exports[`SkeletonSettingsCard.vue > matches snapshot 1`] = `
"<div data-v-f471c69f="" class="settings-card skeleton-anim" style="min-height: 68px;">
  <div data-v-f471c69f="" class="card-header">
    <div data-v-f471c69f="" class="sk-icon-small"></div><!-- Placeholder for header icon -->
    <div data-v-f471c69f="" class="sk-line-m" style="width: 160px;"></div><!-- Placeholder for header title -->
  </div>
</div>"
`;
